I (175) esp_image: segment 1: paddr=00096d28 vaddr=3fc9c000 sizeI (580) mmu_psram: Instructions copied and mapped to SPIRAM
I (580) cpu_start: Multicore app
I (798) esp_psram: SPI SRAM memory test OK
I (807) cpu_start: Pro cpu start user code
I (807) cpu_start: cpu freq: 240000000 Hz
I (807) app_init: Application information:
I (807) app_init: Project name:     object_detect
I (812) app_init: App version:      1681a1c-dirty
I (816) app_init: Compile time:     Mar  7 2026 17:23:02
I (821) app_init: ELF file SHA256:  2849cd1c6...
I (825) app_init: ESP-IDF:          v5.4.1
I (829) efuse_init: Min chip rev:     v0.0
I (833) efuse_init: Max chip rev:     v0.99 
I (837) efuse_init: Chip rev:         v0.2
I (841) heap_init: Initializing. RAM available for dynamic allocation:
I (847) heap_init: At 3FCA3188 len 00046588 (281 KiB): RAM
I (852) heap_init: At 3FCE9710 len 00005724 (21 KiB): RAM
I (858) esp_psram: Adding pool of 6336K of PSRAM memory to heap allocator
I (864) spi_flash: detected chip: gd
I (867) spi_flash: flash io: qio
I (870) sleep_gpio: Configure to isolate all GPIO pins in sleep state
I (877) sleep_gpio: Enable automatic switching of GPIO sleep configuration
I (883) main_task: Started on CPU0
I (886) esp_psram: Reserving pool of 32K of internal memory for DMA/internal allocations
I (894) main_task: Calling app_main()
I (897) gpio: GPIO[3]| InputEn: 0| OutputEn: 1| OpenDrain: 1| Pullup: 0| Pulldown: 0| Intr:0 
I (906) s3 ll_cam: DMA Channel=0
I (908) cam_hal: cam init ok
E (923) camera: Detected camera not supported.
E (923) camera: Camera probe failed with error 0x106(ESP_ERR_NOT_SUPPORTED)
ESP_ERROR_CHECK failed: esp_err_t 0x106 (ESP_ERR_NOT_SUPPORTED) at 0x4200ce11
file: "/home/kage/.openclaw/workspace/esp-who/components/who_peripherals/who_cam/who_s3_cam/who_s3_cam.cpp" line 26
func: who::cam::WhoS3Cam::WhoS3Cam(pixformat_t, framesize_t, uint8_t, bool, bool)
expression: esp_camera_init(&camera_config)

abort() was called at PC 0x40382193 on core 0


Backtrace: 0x4037a069:0x3fca6a20 0x4038219d:0x3fca6a40 0x40389dd2:0x3fca6a60 0x40382193:0x3fca6ad0 0x4200ce11:0x3fca6b00 0x4200af3c:0x3fca6ba0 0x4200aaef:0x3fca6bd0 0x4200ac07:0x3fca6c00 0x4213398f:0x3fca6c20




ELF file SHA256: 2849cd1c6

Rebooting...
ESP-ROM:esp32s3-20210327
Build:Mar 27 2021
rst:0xc (RTC_SW_CPU_RST),boot:0x8 (SPI_FAST_FLASH_BOOT)
Saved PC:0x40379fcc
SPIWP:0xee
mode:DIO, clock div:1
load:0x3fce2820,len:0x170c
load:0x403c8700,len:0x4
load:0x403c8704,len:0xec4
load:0x403cb700,len:0x318c
entry 0x403c8950
I (26) boot: ESP-IDF v5.4.1 2nd stage bootloader
I (26) boot: compile time Mar  7 2026 17:25:07
I (26) boot: Multicore bootloader
I (27) boot: chip revision: v0.2
I (29) boot: efuse block revision: v1.3
I (33) qio_mode: Enabling default flash chip QIO
I (37) boot.esp32s3: Boot SPI Speed : 80MHz
I (41) boot.esp32s3: SPI Mode       : QIO
I (45) boot.esp32s3: SPI Flash Size : 8MB
I (48) boot: Enabling RNG early entropy source...
I (53) boot: Partition Table:
I (56) boot: ## Label            Usage          Type ST Offset   Length
I (62) boot:  0 nvs              WiFi data        01 02 00009000 00006000
I (68) boot:  1 phy_init         RF data          01 01 0000f000 00001000
I (75) boot:  2 factory          factory app      00 00 00010000 007d0000
I (81) boot: End of partition table
I (85) esp_image: segment 0: paddr=00010020 vaddr=3c140020 size=86d00h (552192) map
I (174) esp_image: segment 1: paddr=00096d28 vaddr=3fc9c000 size=05970h ( 22896) load
I (179) esp_image: segment 2: paddr=0009c6a0 vaddr=40378000 size=03978h ( 14712) load
I (183) esp_image: segment 3: paddr=000a0020 vaddr=42000020 size=13453ch (1262908) map
I (373) esp_image: segment 4: paddr=001d4564 vaddr=4037b978 size=10620h ( 67104) load
I (387) esp_image: segment 5: paddr=001e4b8c vaddr=600fe100 size=0001ch (    28) load
I (395) boot: Loaded app from partition at offset 0x10000
I (395) boot: Disabling RNG early entropy source...
I (405) octal_psram: vendor id    : 0x0d (AP)
I (405) octal_psram: dev id       : 0x02 (generation 3)
I (406) octal_psram: density      : 0x03 (64 Mbit)
I (408) octal_psram: good-die     : 0x01 (Pass)
I (412) octal_psram: Latency      : 0x01 (Fixed)
I (416) octal_psram: VCC          : 0x01 (3V)
I (420) octal_psram: SRF          : 0x01 (Fast Refresh)
I (425) octal_psram: BurstType    : 0x01 (Hybrid Wrap)
I (430) octal_psram: BurstLen     : 0x01 (32 Byte)
I (435) octal_psram: Readlatency  : 0x02 (10 cycles@Fixed)
I (440) octal_psram: DriveStrength: 0x00 (1/1)
I (445) MSPI Timing: PSRAM timing tuning index: 4
I (448) esp_psram: Found 8MB PSRAM device
I (452) esp_psram: Speed: 80MHz
I (489) mmu_psram: Read only data copied and mapped to SPIRAM
I (576) mmu_psram: Instructions copied and mapped to SPIRAM
I (576) cpu_start: Multicore app
I (794) esp_psram: SPI SRAM memory test OK
I (803) cpu_start: Pro cpu start user code
I (803) cpu_start: cpu freq: 240000000 Hz
I (803) app_init: Application information:
I (803) app_init: Project name:     object_detect
I (807) app_init: App version:      1681a1c-dirty
I (812) app_init: Compile time:     Mar  7 2026 17:23:02
I (817) app_init: ELF file SHA256:  2849cd1c6...
I (821) app_init: ESP-IDF:          v5.4.1
I (825) efuse_init: Min chip rev:     v0.0
I (829) efuse_init: Max chip rev:     v0.99 
I (833) efuse_init: Chip rev:         v0.2
I (837) heap_init: Initializing. RAM available for dynamic allocation:
I (843) heap_init: At 3FCA3188 len 00046588 (281 KiB): RAM
I (848) heap_init: At 3FCE9710 len 00005724 (21 KiB): RAM
I (853) esp_psram: Adding pool of 6336K of PSRAM memory to heap allocator
I (860) spi_flash: detected chip: gd
I (863) spi_flash: flash io: qio
I (866) sleep_gpio: Configure to isolate all GPIO pins in sleep state
I (872) sleep_gpio: Enable automatic switching of GPIO sleep configuration
I (879) main_task: Started on CPU0
I (882) esp_psram: Reserving pool of 32K of internal memory for DMA/internal allocations
I (890) main_task: Calling app_main()
I (893) gpio: GPIO[3]| InputEn: 0| OutputEn: 1| OpenDrain: 1| Pullup: 0| Pulldown: 0| Intr:0 
I (902) s3 ll_cam: DMA Channel=0
I (904) cam_hal: cam init ok
E (919) camera: Detected camera not supported.
E (919) camera: Camera probe failed with error 0x106(ESP_ERR_NOT_SUPPORTED)
ESP_ERROR_CHECK failed: esp_err_t 0x106 (ESP_ERR_NOT_SUPPORTED) at 0x4200ce11
file: "/home/kage/.openclaw/workspace/esp-who/components/who_peripherals/who_cam/who_s3_cam/who_s3_cam.cpp" line 26
func: who::cam::WhoS3Cam::WhoS3Cam(pixformat_t, framesize_t, uint8_t, bool, bool)
expression: esp_camera_init(&camera_config)

abort() was called at PC 0x40382193 on core 0


Backtrace: 0x4037a069:0x3fca6a20 0x4038219d:0x3fca6a40 0x40389dd2:0x3fca6a60 0x40382193:0x3fca6ad0 0x4200ce11:0x3fca6b00 0x4200af3c:0x3fca6ba0 0x4200aaef:0x3fca6bd0 0x4200ac07:0x3fca6c00 0x4213398f:0x3fca6c20




ELF file SHA256: 2849cd1c6

Rebooting...
ESP-ROM:esp32s3-20210327
Build:Mar 27 2021
rst:0xc (RTC_SW_CPU_RST),boot:0x8 (SPI_FAST_FLASH_BOOT)
Saved PC:0x40379fcc
SPIWP:0xee
mode:DIO, clock div:1
load:0x3fce2820,len:0x170c
load:0x403c8700,len:0x4
load:0x403c8704,len:0xec4
load:0x403cb700,len:0x318c
entry 0x403c8950
I (26) boot: ESP-IDF v5.4.1 2nd stage bootloader
I (26) boot: compile time Mar  7 2026 17:25:07
I (26) boot: Multicore bootloader
I (27) boot: chip revision: v0.2
I (29) boot: efuse block revision: v1.3
I (33) qio_mode: Enabling default flash chip QIO
I (37) boot.esp32s3: Boot SPI Speed : 80MHz
I (41) boot.esp32s3: SPI Mode       : QIO
I (45) boot.esp32s3: SPI Flash Size : 8MB
I (48) boot: Enabling RNG early entropy source...
I (53) boot: Partition Table:
I (56) boot: ## Label            Usage          Type ST Offset   Length
I (62) boot:  0 nvs              WiFi data        01 02 00009000 00006000
I (68) boot:  1 phy_init         RF data          01 01 0000f000 00001000
I (75) boot:  2 factory          factory app      00 00 00010000 007d0000
I (81) boot: End of partition table
I (85) esp_image: segment 0: paddr=00010020 vaddr=3c140020 size=86d00h (552192) map
I (174) esp_image: segment 1: paddr=00096d28 vaddr=3fc9c000 size=05970h ( 22896) load
I (179) esp_image: segment 2: paddr=0009c6a0 vaddr=40378000 size=03978h ( 14712) load
I (183) esp_image: segment 3: paddr=000a0020 vaddr=42000020 size=13453ch (1262908) map
I (373) esp_image: segment 4: paddr=001d4564 vaddr=4037b978 size=10620h ( 67104) load
I (387) esp_image: segment 5: paddr=001e4b8c vaddr=600fe100 size=0001ch (    28) load
I (395) boot: Loaded app from partition at offset 0x10000
I (395) boot: Disabling RNG early entropy source...
I (405) octal_psram: vendor id    : 0x0d (AP)
I (405) octal_psram: dev id       : 0x02 (generation 3)
I (406) octal_psram: density      : 0x03 (64 Mbit)
I (408) octal_psram: good-die     : 0x01 (Pass)
I (412) octal_psram: Latency      : 0x01 (Fixed)
I (416) octal_psram: VCC          : 0x01 (3V)
I (420) octal_psram: SRF          : 0x01 (Fast Refresh)
I (425) octal_psram: BurstType    : 0x01 (Hybrid Wrap)
I (430) octal_psram: BurstLen     : 0x01 (32 Byte)
I (435) octal_psram: Readlatency  : 0x02 (10 cycles@Fixed)
I (440) octal_psram: DriveStrength: 0x00 (1/1)
I (445) MSPI Timing: PSRAM timing tuning index: 4
I (448) esp_psram: Found 8MB PSRAM device
I (452) esp_psram: Speed: 80MHz
I (489) mmu_psram: Read only data copied and mapped to SPIRAM
I (576) mmu_psram: Instructions copied and mapped to SPIRAM
I (576) cpu_start: Multicore app
I (794) esp_psram: SPI SRAM memory test OK
I (803) cpu_start: Pro cpu start user code
I (803) cpu_start: cpu freq: 240000000 Hz
I (803) app_init: Application information:
I (804) app_init: Project name:     object_detect
I (807) app_init: App version:      1681a1c-dirty
I (812) app_init: Compile time:     Mar  7 2026 17:23:02
I (817) app_init: ELF file SHA256:  2849cd1c6...
I (821) app_init: ESP-IDF:          v5.4.1
I (825) efuse_init: Min chip rev:     v0.0
I (829) efuse_init: Max chip rev:     v0.99 
I (833) efuse_init: Chip rev:         v0.2
I (837) heap_init: Initializing. RAM available for dynamic allocation:
I (843) heap_init: At 3FCA3188 len 00046588 (281 KiB): RAM
I (848) heap_init: At 3FCE9710 len 00005724 (21 KiB): RAM
I (853) esp_psram: Adding pool of 6336K of PSRAM memory to heap allocator
I (860) spi_flash: detected chip: gd
I (863) spi_flash: flash io: qio
I (866) sleep_gpio: Configure to isolate all GPIO pins in sleep state
I (872) sleep_gpio: Enable automatic switching of GPIO sleep configuration
I (879) main_task: Started on CPU0
I (882) esp_psram: Reserving pool of 32K of internal memory for DMA/internal allocations
I (890) main_task: Calling app_main()
I (893) gpio: GPIO[3]| InputEn: 0| OutputEn: 1| OpenDrain: 1| Pullup: 0| Pulldown: 0| Intr:0 
I (902) s3 ll_cam: DMA Channel=0
I (904) cam_hal: cam init ok
E (919) camera: Detected camera not supported.
E (919) camera: Camera probe failed with error 0x106(ESP_ERR_NOT_SUPPORTED)
ESP_ERROR_CHECK failed: esp_err_t 0x106 (ESP_ERR_NOT_SUPPORTED) at 0x4200ce11
file: "/home/kage/.openclaw/workspace/esp-who/components/who_peripherals/who_cam/who_s3_cam/who_s3_cam.cpp" line 26
func: who::cam::WhoS3Cam::WhoS3Cam(pixformat_t, framesize_t, uint8_t, bool, bool)
expression: esp_camera_init(&camera_config)

abort() was called at PC 0x40382193 on core 0


Backtrace: 0x4037a069:0x3fca6a20 0x4038219d:0x3fca6a40 0x40389dd2:0x3fca6a60 0x40382193:0x3fca6ad0 0x4200ce11:0x3fca6b00 0x4200af3c:0x3fca6ba0 0x4200aaef:0x3fca6bd0 0x4200ac07:0x3fca6c00 0x4213398f:0x3fca6c20




ELF file SHA256: 2849cd1c6

Rebooting...
ESP-ROM:esp32s3-20210327
Build:Mar 27 2021
rst:0xc (RTC_SW_CPU_RST),boot:0x8 (SPI_FAST_FLASH_BOOT)
Saved PC:0x40379fcc
SPIWP:0xee
mode:DIO, clock div:1
load:0x3fce2820,len:0x170c
load:0x403c8700,len:0x4
load:0x403c8704,len:0xec4
load:0x403cb700,len:0x318c
entry 0x403c8950
I (26) boot: ESP-IDF v5.4.1 2nd stage bootloader
I (26) boot: compile time Mar  7 2026 17:25:07
I (26) boot: Multicore bootloader
I (27) boot: chip revision: v0.2
I (29) boot: efuse block revision: v1.3
I (33) qio_mode: Enabling default flash chip QIO
I (37) boot.esp32s3: Boot SPI Speed : 80MHz
I (41) boot.esp32s3: SPI Mode       : QIO
I (45) boot.esp32s3: SPI Flash Size : 8MB
I (48) boot: Enabling RNG early entropy source...
I (53) boot: Partition Table:
I (56) boot: ## Label            Usage          Type ST Offset   Length
I (62) boot:  0 nvs              WiFi data        01 02 00009000 00006000
I (68) boot:  1 phy_init         RF data          01 01 0000f000 00001000
I (75) boot:  2 factory          factory app      00 00 00010000 007d0000
I (81) boot: End of partition table
I (85) esp_image: segment 0: paddr=00010020 vaddr=3c140020 size=86d00h (552192) map
I (174) esp_image: segment 1: paddr=00096d28 vaddr=3fc9c000 size=05970h ( 22896) load
I (179) esp_image: segment 2: paddr=0009c6a0 vaddr=40378000 size=03978h ( 14712) load
I (183) esp_image: segment 3: paddr=000a0020 vaddr=42000020 size=13453ch (1262908) map
I (373) esp_image: segment 4: paddr=001d4564 vaddr=4037b978 size=10620h ( 67104) load
I (387) esp_image: segment 5: paddr=001e4b8c vaddr=600fe100 size=0001ch (    28) load
I (395) boot: Loaded app from partition at offset 0x10000
I (395) boot: Disabling RNG early entropy source...
I (405) octal_psram: vendor id    : 0x0d (AP)
I (405) octal_psram: dev id       : 0x02 (generation 3)
I (406) octal_psram: density      : 0x03 (64 Mbit)
I (408) octal_psram: good-die     : 0x01 (Pass)
I (412) octal_psram: Latency      : 0x01 (Fixed)
I (416) octal_psram: VCC          : 0x01 (3V)
I (420) octal_psram: SRF          : 0x01 (Fast Refresh)
I (425) octal_psram: BurstType    : 0x01 (Hybrid Wrap)
I (430) octal_psram: BurstLen     : 0x01 (32 Byte)
I (435) octal_psram: Readlatency  : 0x02 (10 cycles@Fixed)
I (440) octal_psram: DriveStrength: 0x00 (1/1)
I (445) MSPI Timing: PSRAM timing tuning index: 4
I (448) esp_psram: Found 8MB PSRAM device
I (452) esp_psram: Speed: 80MHz
I (489) mmu_psram: Read only data copied and mapped to SPIRAM
I (576) mmu_psram: Instructions copied and mapped to SPIRAM
I (576) cpu_start: Multicore app
I (794) esp_psram: SPI SRAM memory test OK
I (803) cpu_start: Pro cpu start user code
I (803) cpu_start: cpu freq: 240000000 Hz
I (803) app_init: Application information:
I (803) app_init: Project name:     object_detect
I (807) app_init: App version:      1681a1c-dirty
I (812) app_init: Compile time:     Mar  7 2026 17:23:02
I (817) app_init: ELF file SHA256:  2849cd1c6...
I (821) app_init: ESP-IDF:          v5.4.1
I (825) efuse_init: Min chip rev:     v0.0
I (829) efuse_init: Max chip rev:     v0.99 
I (833) efuse_init: Chip rev:         v0.2
I (837) heap_init: Initializing. RAM available for dynamic allocation:
I (843) heap_init: At 3FCA3188 len 00046588 (281 KiB): RAM
I (848) heap_init: At 3FCE9710 len 00005724 (21 KiB): RAM
I (853) esp_psram: Adding pool of 6336K of PSRAM memory to heap allocator
I (860) spi_flash: detected chip: gd
I (863) spi_flash: flash io: qio
I (866) sleep_gpio: Configure to isolate all GPIO pins in sleep state
I (872) sleep_gpio: Enable automatic switching of GPIO sleep configuration
I (879) main_task: Started on CPU0
I (882) esp_psram: Reserving pool of 32K of internal memory for DMA/internal allocations
I (890) main_task: Calling app_main()
I (893) gpio: GPIO[3]| InputEn: 0| OutputEn: 1| OpenDrain: 1| Pullup: 0| Pulldown: 0| Intr:0 
I (902) s3 ll_cam: DMA Channel=0
I (904) cam_hal: cam init ok
E (919) camera: Detected camera not supported.
E (919) camera: Camera probe failed with error 0x106(ESP_ERR_NOT_SUPPORTED)
ESP_ERROR_CHECK failed: esp_err_t 0x106 (ESP_ERR_NOT_SUPPORTED) at 0x4200ce11
file: "/home/kage/.openclaw/workspace/esp-who/components/who_peripherals/who_cam/who_s3_cam/who_s3_cam.cpp" line 26
func: who::cam::WhoS3Cam::WhoS3Cam(pixformat_t, framesize_t, uint8_t, bool, bool)
expression: esp_camera_init(&camera_config)

abort() was called at PC 0x40382193 on core 0


Backtrace: 0x4037a069:0x3fca6a20 0x4038219d:0x3fca6a40 0x40389dd2:0x3fca6a60 0x40382193:0x3fca6ad0 0x4200ce11:0x3fca6b00 0x4200af3c:0x3fca6ba0 0x4200aaef:0x3fca6bd0 0x4200ac07:0x3fca6c00 0x4213398f:0x3fca6c20




ELF file SHA256: 2849cd1c6

Rebooting...
ESP-ROM:esp32s3-20210327
Build:Mar 27 2021
rst:0xc (RTC_SW_CPU_RST),boot:0x8 (SPI_FAST_FLASH_BOOT)
Saved PC:0x40379fcc
SPIWP:0xee
mode:DIO, clock div:1
load:0x3fce2820,len:0x170c
load:0x403c8700,len:0x4
load:0x403c8704,len:0xec4
load:0x403cb700,len:0x318c
entry 0x403c8950
I (26) boot: ESP-IDF v5.4.1 2nd stage bootloader
I (26) boot: compile time Mar  7 2026 17:25:07
I (26) boot: Multicore bootloader
I (27) boot: chip revision: v0.2
I (29) boot: efuse block revision: v1.3
I (33) qio_mode: Enabling default flash chip QIO
I (37) boot.esp32s3: Boot SPI Speed : 80MHz
I (41) boot.esp32s3: SPI Mode       : QIO
I (45) boot.esp32s3: SPI Flash Size : 8MB
I (48) boot: Enabling RNG early entropy source...
I (53) boot: Partition Table:
I (56) boot: ## Label            Usage          Type ST Offset   Length
I (62) boot:  0 nvs              WiFi data        01 02 00009000 00006000
I (68) boot:  1 phy_init         RF data          01 01 0000f000 00001000
I (75) boot:  2 factory          factory app      00 00 00010000 007d0000
I (81) boot: End of partition table
I (85) esp_image: segment 0: paddr=00010020 vaddr=3c140020 size=86d00h (552192) map
I (174) esp_image: segment 1: paddr=00096d28 vaddr=3fc9c000 size=05970h ( 22896) load
I (179) esp_image: segment 2: paddr=0009c6a0 vaddr=40378000 size=03978h ( 14712) load
I (183) esp_image: segment 3: paddr=000a0020 vaddr=42000020 size=13453ch (1262908) map
I (373) esp_image: segment 4: paddr=001d4564 vaddr=4037b978 size=10620h ( 67104) load
I (387) esp_image: segment 5: paddr=001e4b8c vaddr=600fe100 size=0001ch (    28) load
I (395) boot: Loaded app from partition at offset 0x10000
I (395) boot: Disabling RNG early entropy source...
I (405) octal_psram: vendor id    : 0x0d (AP)
I (405) octal_psram: dev id       : 0x02 (generation 3)
I (406) octal_psram: density      : 0x03 (64 Mbit)
I (408) octal_psram: good-die     : 0x01 (Pass)
I (412) octal_psram: Latency      : 0x01 (Fixed)
I (416) octal_psram: VCC          : 0x01 (3V)
I (420) octal_psram: SRF          : 0x01 (Fast Refresh)
I (425) octal_psram: BurstType    : 0x01 (Hybrid Wrap)
I (430) octal_psram: BurstLen     : 0x01 (32 Byte)
I (435) octal_psram: Readlatency  : 0x02 (10 cycles@Fixed)
I (440) octal_psram: DriveStrength: 0x00 (1/1)
I (445) MSPI Timing: PSRAM timing tuning index: 4
I (448) esp_psram: Found 8MB PSRAM device
I (452) esp_psram: Speed: 80MHz
I (489) mmu_psram: Read only data copied and mapped to SPIRAM
I (576) mmu_psram: Instructions copied and mapped to SPIRAM
I (576) cpu_start: Multicore app
I (794) esp_psram: SPI SRAM memory test OK
I (803) cpu_start: Pro cpu start user code
I (803) cpu_start: cpu freq: 240000000 Hz
I (803) app_init: Application information:
I (803) app_init: Project name:     object_detect
I (807) app_init: App version:      1681a1c-dirty
I (812) app_init: Compile time:     Mar  7 2026 17:23:02
I (817) app_init: ELF file SHA256:  2849cd1c6...
I (821) app_init: ESP-IDF:          v5.4.1
I (825) efuse_init: Min chip rev:     v0.0
I (829) efuse_init: Max chip rev:     v0.99 
I (833) efuse_init: Chip rev:         v0.2
I (837) heap_init: Initializing. RAM available for dynamic allocation:
I (843) heap_init: At 3FCA3188 len 00046588 (281 KiB): RAM
I (848) heap_init: At 3FCE9710 len 00005724 (21 KiB): RAM
I (853) esp_psram: Adding pool of 6336K of PSRAM memory to heap allocator
I (860) spi_flash: detected chip: gd
I (863) spi_flash: flash io: qio
I (866) sleep_gpio: Configure to isolate all GPIO pins in sleep state
I (872) sleep_gpio: Enable automatic switching of GPIO sleep configuration
I (879) main_task: Started on CPU0
I (882) esp_psram: Reserving pool of 32K of internal memory for DMA/internal allocations
I (890) main_task: Calling app_main()
I (893) gpio: GPIO[3]| InputEn: 0| OutputEn: 1| OpenDrain: 1| Pullup: 0| Pulldown: 0| Intr:0 
I (902) s3 ll_cam: DMA Channel=0
I (904) cam_hal: cam init ok
E (919) camera: Detected camera not supported.
E (919) camera: Camera probe failed with error 0x106(ESP_ERR_NOT_SUPPORTED)
ESP_ERROR_CHECK failed: esp_err_t 0x106 (ESP_ERR_NOT_SUPPORTED) at 0x4200ce11
file: "/home/kage/.openclaw/workspace/esp-who/components/who_peripherals/who_cam/who_s3_cam/who_s3_cam.cpp" line 26
func: who::cam::WhoS3Cam::WhoS3Cam(pixformat_t, framesize_t, uint8_t, bool, bool)
expression: esp_camera_init(&camera_config)

abort() was called at PC 0x40382193 on core 0


Backtrace: 0x4037a069:0x3fca6a20 0x4038219d:0x3fca6a40 0x40389dd2:0x3fca6a60 0x40382193:0x3fca6ad0 0x4200ce11:0x3fca6b00 0x4200af3c:0x3fca6ba0 0x4200aaef:0x3fca6bd0 0x4200ac07:0x3fca6c00 0x4213398f:0x3fca6c20




ELF file SHA256: 2849cd1c6

Rebooting...
ESP-ROM:esp32s3-20210327
Build:Mar 27 2021
rst:0xc (RTC_SW_CPU_RST),boot:0x8 (SPI_FAST_FLASH_BOOT)
Saved PC:0x40379fcc
SPIWP:0xee
mode:DIO, clock div:1
load:0x3fce2820,len:0x170c
load:0x403c8700,len:0x4
load:0x403c8704,len:0xec4
load:0x403cb700,len:0x318c
entry 0x403c8950
I (26) boot: ESP-IDF v5.4.1 2nd stage bootloader
I (26) boot: compile time Mar  7 2026 17:25:07
I (26) boot: Multicore bootloader
I (27) boot: chip revision: v0.2
I (29) boot: efuse block revision: v1.3
I (33) qio_mode: Enabling default flash chip QIO
I (37) boot.esp32s3: Boot SPI Speed : 80MHz
I (41) boot.esp32s3: SPI Mode       : QIO
I (45) boot.esp32s3: SPI Flash Size : 8MB
I (48) boot: Enabling RNG early entropy source...
I (53) boot: Partition Table:
I (56) boot: ## Label            Usage          Type ST Offset   Length
I (62) boot:  0 nvs              WiFi data        01 02 00009000 00006000
I (68) boot:  1 phy_init         RF data          01 01 0000f000 00001000
I (75) boot:  2 factory          factory app      00 00 00010000 007d0000
I (81) boot: End of partition table
I (85) esp_image: segment 0: paddr=00010020 vaddr=3c140020 size=86d00h (552192) map
I (174) esp_image: segment 1: paddr=00096d28 vaddr=3fc9c000 size=05970h ( 22896) load
I (179) esp_image: segment 2: paddr=0009c6a0 vaddr=40378000 size=03978h ( 14712) load
I (183) esp_image: segment 3: paddr=000a0020 vaddr=42000020 size=13453ch (1262908) map
I (373) esp_image: segment 4: paddr=001d4564 vaddr=4037b978 size=10620h ( 67104) load
I (387) esp_image: segment 5: paddr=001e4b8c vaddr=600fe100 size=0001ch (    28) load
I (395) boot: Loaded app from partition at offset 0x10000
I (395) boot: Disabling RNG early entropy source...
I (405) octal_psram: vendor id    : 0x0d (AP)
I (405) octal_psram: dev id       : 0x02 (generation 3)
I (406) octal_psram: density      : 0x03 (64 Mbit)
I (408) octal_psram: good-die     : 0x01 (Pass)
I (412) octal_psram: Latency      : 0x01 (Fixed)
I (416) octal_psram: VCC          : 0x01 (3V)
I (420) octal_psram: SRF          : 0x01 (Fast Refresh)
I (425) octal_psram: BurstType    : 0x01 (Hybrid Wrap)
I (430) octal_psram: BurstLen     : 0x01 (32 Byte)
I (435) octal_psram: Readlatency  : 0x02 (10 cycles@Fixed)
I (440) octal_psram: DriveStrength: 0x00 (1/1)
I (445) MSPI Timing: PSRAM timing tuning index: 4
I (448) esp_psram: Found 8MB PSRAM device
I (452) esp_psram: Speed: 80MHz
I (489) mmu_psram: Read only data copied and mapped to SPIRAM
I (576) mmu_psram: Instructions copied and mapped to SPIRAM
I (576) cpu_start: Multicore app
I (794) esp_psram: SPI SRAM memory test OK
I (803) cpu_start: Pro cpu start user code
I (803) cpu_start: cpu freq: 240000000 Hz
I (803) app_init: Application information:
I (803) app_init: Project name:     object_detect
I (807) app_init: App version:      1681a1c-dirty
I (812) app_init: Compile time:     Mar  7 2026 17:23:02
I (817) app_init: ELF file SHA256:  2849cd1c6...
I (821) app_init: ESP-IDF:          v5.4.1
I (825) efuse_init: Min chip rev:     v0.0
I (829) efuse_init: Max chip rev:     v0.99 
I (833) efuse_init: Chip rev:         v0.2
I (837) heap_init: Initializing. RAM available for dynamic allocation:
I (843) heap_init: At 3FCA3188 len 00046588 (281 KiB): RAM
I (848) heap_init: At 3FCE9710 len 00005724 (21 KiB): RAM
I (853) esp_psram: Adding pool of 6336K of PSRAM memory to heap allocator
I (860) spi_flash: detected chip: gd
I (863) spi_flash: flash io: qio
I (866) sleep_gpio: Configure to isolate all GPIO pins in sleep state
I (872) sleep_gpio: Enable automatic switching of GPIO sleep configuration
I (879) main_task: Started on CPU0
I (882) esp_psram: Reserving pool of 32K of internal memory for DMA/internal allocations
I (890) main_task: Calling app_main()
I (893) gpio: GPIO[3]| InputEn: 0| OutputEn: 1| OpenDrain: 1| Pullup: 0| Pulldown: 0| Intr:0 
I (902) s3 ll_cam: DMA Channel=0
I (904) cam_hal: cam init ok
E (919) camera: Detected camera not supported.
E (919) camera: Camera probe failed with error 0x106(ESP_ERR_NOT_SUPPORTED)
ESP_ERROR_CHECK failed: esp_err_t 0x106 (ESP_ERR_NOT_SUPPORTED) at 0x4200ce11
file: "/home/kage/.openclaw/workspace/esp-who/components/who_peripherals/who_cam/who_s3_cam/who_s3_cam.cpp" line 26
func: who::cam::WhoS3Cam::WhoS3Cam(pixformat_t, framesize_t, uint8_t, bool, bool)
expression: esp_camera_init(&camera_config)

abort() was called at PC 0x40382193 on core 0


Backtrace: 0x4037a069:0x3fca6a20 0x4038219d:0x3fca6a40 0x40389dd2:0x3fca6a60 0x40382193:0x3fca6ad0 0x4200ce11:0x3fca6b00 0x4200af3c:0x3fca6ba0 0x4200aaef:0x3fca6bd0 0x4200ac07:0x3fca6c00 0x4213398f:0x3fca6c20




ELF file SHA256: 2849cd1c6

Rebooting...
ESP-ROM:esp32s3-20210327
Build:Mar 27 2021
rst:0xc (RTC_SW_CPU_RST),boot:0x8 (SPI_FAST_FLASH_BOOT)
Saved PC:0x40379fcc
SPIWP:0xee
mode:DIO, clock div:1
load:0x3fce2820,len:0x170c
load:0x403c8700,len:0x4
load:0x403c8704,len:0xec4
load:0x403cb700,len:0x318c
entry 0x403c8950
I (26) boot: ESP-IDF v5.4.1 2nd stage bootloader
I (26) boot: compile time Mar  7 2026 17:25:07
I (26) boot: Multicore bootloader
I (27) boot: chip revision: v0.2
I (29) boot: efuse block revision: v1.3
I (33) qio_mode: Enabling default flash chip QIO
I (37) boot.esp32s3: Boot SPI Speed : 80MHz
I (41) boot.esp32s3: SPI Mode       : QIO
I (45) boot.esp32s3: SPI Flash Size : 8MB
I (48) boot: Enabling RNG early entropy source...
I (53) boot: Partition Table:
I (56) boot: ## Label            Usage          Type ST Offset   Length
I (62) boot:  0 nvs              WiFi data        01 02 00009000 00006000
I (68) boot:  1 phy_init         RF data          01 01 0000f000 00001000
I (75) boot:  2 factory          factory app      00 00 00010000 007d0000
I (81) boot: End of partition table
I (85) esp_image: segment 0: paddr=00010020 vaddr=3c140020 size=86d00h (552192) map
I (174) esp_image: segment 1: paddr=00096d28 vaddr=3fc9c000 size=05970h ( 22896) load
I (179) esp_image: segment 2: paddr=0009c6a0 vaddr=40378000 size=03978h ( 14712) load
I (183) esp_image: segment 3: paddr=000a0020 vaddr=42000020 size=13453ch (1262908) map
I (373) esp_image: segment 4: paddr=001d4564 vaddr=4037b978 size=10620h ( 67104) load
I (387) esp_image: segment 5: paddr=001e4b8c vaddr=600fe100 size=0001ch (    28) load
I (395) boot: Loaded app from partition at offset 0x10000
I (395) boot: Disabling RNG early entropy source...
I (405) octal_psram: vendor id    : 0x0d (AP)
I (405) octal_psram: dev id       : 0x02 (generation 3)
I (406) octal_psram: density      : 0x03 (64 Mbit)
I (408) octal_psram: good-die     : 0x01 (Pass)
I (412) octal_psram: Latency      : 0x01 (Fixed)
I (416) octal_psram: VCC          : 0x01 (3V)
I (420) octal_psram: SRF          : 0x01 (Fast Refresh)
I (425) octal_psram: BurstType    : 0x01 (Hybrid Wrap)
I (430) octal_psram: BurstLen     : 0x01 (32 Byte)
I (435) octal_psram: Readlatency  : 0x02 (10 cycles@Fixed)
I (440) octal_psram: DriveStrength: 0x00 (1/1)
I (445) MSPI Timing: PSRAM timing tuning index: 4
I (448) esp_psram: Found 8MB PSRAM device
I (452) esp_psram: Speed: 80MHz
I (489) mmu_psram: Read only data copied and mapped to SPIRAM
I (576) mmu_psram: Instructions copied and mapped to SPIRAM
I (576) cpu_start: Multicore app
I (794) esp_psram: SPI SRAM memory test OK
I (803) cpu_start: Pro cpu start user code
I (803) cpu_start: cpu freq: 240000000 Hz
I (803) app_init: Application information:
I (803) app_init: Project name:     object_detect
I (807) app_init: App version:      1681a1c-dirty
I (812) app_init: Compile time:     Mar  7 2026 17:23:02
I (817) app_init: ELF file SHA256:  2849cd1c6...
I (821) app_init: ESP-IDF:          v5.4.1
I (825) efuse_init: Min chip rev:     v0.0
I (829) efuse_init: Max chip rev:     v0.99 
I (833) efuse_init: Chip rev:         v0.2
I (837) heap_init: Initializing. RAM available for dynamic allocation:
I (843) heap_init: At 3FCA3188 len 00046588 (281 KiB): RAM
I (848) heap_init: At 3FCE9710 len 00005724 (21 KiB): RAM
I (853) esp_psram: Adding pool of 6336K of PSRAM memory to heap allocator
I (860) spi_flash: detected chip: gd
I (863) spi_flash: flash io: qio
I (866) sleep_gpio: Configure to isolate all GPIO pins in sleep state
I (872) sleep_gpio: Enable automatic switching of GPIO sleep configuration
I (879) main_task: Started on CPU0
I (882) esp_psram: Reserving pool of 32K of internal memory for DMA/internal allocations
I (890) main_task: Calling app_main()
I (893) gpio: GPIO[3]| InputEn: 0| OutputEn: 1| OpenDrain: 1| Pullup: 0| Pulldown: 0| Intr:0 
I (902) s3 ll_cam: DMA Channel=0
I (904) cam_hal: cam init ok
E (919) camera: Detected camera not supported.
E (919) camera: Camera probe failed with error 0x106(ESP_ERR_NOT_SUPPORTED)
ESP_ERROR_CHECK failed: esp_err_t 0x106 (ESP_ERR_NOT_SUPPORTED) at 0x4200ce11
file: "/home/kage/.openclaw/workspace/esp-who/components/who_peripherals/who_cam/who_s3_cam/who_s3_cam.cpp" line 26
func: who::cam::WhoS3Cam::WhoS3Cam(pixformat_t, framesize_t, uint8_t, bool, bool)
expression: esp_camera_init(&camera_config)

abort() was called at PC 0x40382193 on core 0


Backtrace: 0x4037a069:0x3fca6a20 0x4038219d:0x3fca6a40 0x40389dd2:0x3fca6a60 0x40382193:0x3fca6ad0 0x4200ce11:0x3fca6b00 0x4200af3c:0x3fca6ba0 0x4200aaef:0x3fca6bd0 0x4200ac07:0x3fca6c00 0x4213398f:0x3fca6c20




ELF file SHA256: 2849cd1c6

Rebooting...
ESP-ROM:esp32s3-20210327
Build:Mar 27 2021
rst:0xc (RTC_SW_CPU_RST),boot:0x8 (SPI_FAST_FLASH_BOOT)
Saved PC:0x40379fcc
SPIWP:0xee
mode:DIO, clock div:1
load:0x3fce2820,len:0x170c
load:0x403c8700,len:0x4
load:0x403c8704,len:0xec4
load:0x403cb700,len:0x318c
entry 0x403c8950
I (26) boot: ESP-IDF v5.4.1 2nd stage bootloader
I (26) boot: compile time Mar  7 2026 17:25:07
I (26) boot: Multicore bootloader
I (27) boot: chip revision: v0.2
I (29) boot: efuse block revision: v1.3
I (33) qio_mode: Enabling default flash chip QIO
I (37) boot.esp32s3: Boot SPI Speed : 80MHz
I (41) boot.esp32s3: SPI Mode       : QIO
I (45) boot.esp32s3: SPI Flash Size : 8MB
I (48) boot: Enabling RNG early entropy source...
I (53) boot: Partition Table:
I (56) boot: ## Label            Usage          Type ST Offset   Length
I (62) boot:  0 nvs              WiFi data        01 02 00009000 00006000
I (68) boot:  1 phy_init         RF data          01 01 0000f000 00001000
I (75) boot:  2 factory          factory app      00 00 00010000 007d0000
I (81) boot: End of partition table
I (85) esp_image: segment 0: paddr=00010020 vaddr=3c140020 size=86d00h (552192) map
I (174) esp_image: segment 1: paddr=00096d28 vaddr=3fc9c000 size=05970h ( 22896) load
I (179) esp_image: segment 2: paddr=0009c6a0 vaddr=40378000 size=03978h ( 14712) load
I (183) esp_image: segment 3: paddr=000a0020 vaddr=42000020 size=13453ch (1262908) map
I (373) esp_image: segment 4: paddr=001d4564 vaddr=4037b978 size=10620h ( 67104) load
I (387) esp_image: segment 5: paddr=001e4b8c vaddr=600fe100 size=0001ch (    28) load
I (395) boot: Loaded app from partition at offset 0x10000
I (395) boot: Disabling RNG early entropy source...
I (405) octal_psram: vendor id    : 0x0d (AP)
I (405) octal_psram: dev id       : 0x02 (generation 3)
I (406) octal_psram: density      : 0x03 (64 Mbit)
I (408) octal_psram: good-die     : 0x01 (Pass)
I (412) octal_psram: Latency      : 0x01 (Fixed)
I (416) octal_psram: VCC          : 0x01 (3V)
I (420) octal_psram: SRF          : 0x01 (Fast Refresh)
I (425) octal_psram: BurstType    : 0x01 (Hybrid Wrap)
I (430) octal_psram: BurstLen     : 0x01 (32 Byte)
I (435) octal_psram: Readlatency  : 0x02 (10 cycles@Fixed)
I (440) octal_psram: DriveStrength: 0x00 (1/1)
I (445) MSPI Timing: PSRAM timing tuning index: 4
I (448) esp_psram: Found 8MB PSRAM device
I (452) esp_psram: Speed: 80MHz
I (489) mmu_psram: Read only data copied and mapped to SPIRAM
I (576) mmu_psram: Instructions copied and mapped to SPIRAM
I (576) cpu_start: Multicore app
I (794) esp_psram: SPI SRAM memory test OK
I (803) cpu_start: Pro cpu start user code
I (803) cpu_start: cpu freq: 240000000 Hz
I (803) app_init: Application information:
I (804) app_init: Project name:     object_detect
I (807) app_init: App version:      1681a1c-dirty
I (812) app_init: Compile time:     Mar  7 2026 17:23:02
I (817) app_init: ELF file SHA256:  2849cd1c6...
I (821) app_init: ESP-IDF:          v5.4.1
I (825) efuse_init: Min chip rev:     v0.0
I (829) efuse_init: Max chip rev:     v0.99 
I (833) efuse_init: Chip rev:         v0.2
I (837) heap_init: Initializing. RAM available for dynamic allocation:
I (843) heap_init: At 3FCA3188 len 00046588 (281 KiB): RAM
I (848) heap_init: At 3FCE9710 len 00005724 (21 KiB): RAM
I (853) esp_psram: Adding pool of 6336K of PSRAM memory to heap allocator
I (860) spi_flash: detected chip: gd
I (863) spi_flash: flash io: qio
I (866) sleep_gpio: Configure to isolate all GPIO pins in sleep state
I (872) sleep_gpio: Enable automatic switching of GPIO sleep configuration
I (879) main_task: Started on CPU0
I (882) esp_psram: Reserving pool of 32K of internal memory for DMA/internal allocations
I (890) main_task: Calling app_main()
I (893) gpio: GPIO[3]| InputEn: 0| OutputEn: 1| OpenDrain: 1| Pullup: 0| Pulldown: 0| Intr:0 
I (902) s3 ll_cam: DMA Channel=0
I (904) cam_hal: cam init ok
E (919) camera: Detected camera not supported.
E (919) camera: Camera probe failed with error 0x106(ESP_ERR_NOT_SUPPORTED)
ESP_ERROR_CHECK failed: esp_err_t 0x106 (ESP_ERR_NOT_SUPPORTED) at 0x4200ce11
file: "/home/kage/.openclaw/workspace/esp-who/components/who_peripherals/who_cam/who_s3_cam/who_s3_cam.cpp" line 26
func: who::cam::WhoS3Cam::WhoS3Cam(pixformat_t, framesize_t, uint8_t, bool, bool)
expression: esp_camera_init(&camera_config)

abort() was called at PC 0x40382193 on core 0


Backtrace: 0x4037a069:0x3fca6a20 0x4038219d:0x3fca6a40 0x40389dd2:0x3fca6a60 0x40382193:0x3fca6ad0 0x4200ce11:0x3fca6b00 0x4200af3c:0x3fca6ba0 0x4200aaef:0x3fca6bd0 0x4200ac07:0x3fca6c00 0x4213398f:0x3fca6c20




ELF file SHA256: 2849cd1c6

Rebooting...
ESP-ROM:esp32s3-20210327
Build:Mar 27 2021
rst:0xc (RTC_SW_CPU_RST),boot:0x8 (SPI_FAST_FLASH_BOOT)
Saved PC:0x40379fcc
SPIWP:0xee
mode:DIO, clock div:1
load:0x3fce2820,len:0x170c
load:0x403c8700,len:0x4
load:0x403c8704,len:0xec4
load:0x403cb700,len:0x318c
entry 0x403c8950
I (26) boot: ESP-IDF v5.4.1 2nd stage bootloader
I (26) boot: compile time Mar  7 2026 17:25:07
I (26) boot: Multicore bootloader
I (27) boot: chip revision: v0.2
I (29) boot: efuse block revision: v1.3
I (33) qio_mode: Enabling default flash chip QIO
I (37) boot.esp32s3: Boot SPI Speed : 80MHz
I (41) boot.esp32s3: SPI Mode       : QIO
I (45) boot.esp32s3: SPI Flash Size : 8MB
I (48) boot: Enabling RNG early entropy source...
I (53) boot: Partition Table:
I (56) boot: ## Label            Usage          Type ST Offset   Length
I (62) boot:  0 nvs              WiFi data        01 02 00009000 00006000
I (68) boot:  1 phy_init         RF data          01 01 0000f000 00001000
I (75) boot:  2 factory          factory app      00 00 00010000 007d0000
I (81) boot: End of partition table
I (85) esp_image: segment 0: paddr=00010020 vaddr=3c140020 size=86d00h (552192) map
I (174) esp_image: segment 1: paddr=00096d28 vaddr=3fc9c000 size=05970h ( 22896) load
I (179) esp_image: segment 2: paddr=0009c6a0 vaddr=40378000 size=03978h ( 14712) load
I (183) esp_image: segment 3: paddr=000a0020 vaddr=42000020 size=13453ch (1262908) map
I (373) esp_image: segment 4: paddr=001d4564 vaddr=4037b978 size=10620h ( 67104) load
I (387) esp_image: segment 5: paddr=001e4b8c vaddr=600fe100 size=0001ch (    28) load
I (395) boot: Loaded app from partition at offset 0x10000
I (395) boot: Disabling RNG early entropy source...
I (405) octal_psram: vendor id    : 0x0d (AP)
I (405) octal_psram: dev id       : 0x02 (generation 3)
I (406) octal_psram: density      : 0x03 (64 Mbit)
I (408) octal_psram: good-die     : 0x01 (Pass)
I (412) octal_psram: Latency      : 0x01 (Fixed)
I (416) octal_psram: VCC          : 0x01 (3V)
I (420) octal_psram: SRF          : 0x01 (Fast Refresh)
I (425) octal_psram: BurstType    : 0x01 (Hybrid Wrap)
I (430) octal_psram: BurstLen     : 0x01 (32 Byte)
I (435) octal_psram: Readlatency  : 0x02 (10 cycles@Fixed)
I (440) octal_psram: DriveStrength: 0x00 (1/1)
I (445) MSPI Timing: PSRAM timing tuning index: 4
I (448) esp_psram: Found 8MB PSRAM device
I (452) esp_psram: Speed: 80MHz
I (489) mmu_psram: Read only data copied and mapped to SPIRAM
I (576) mmu_psram: Instructions copied and mapped to SPIRAM
I (576) cpu_start: Multicore app
I (794) esp_psram: SPI SRAM memory test OK
I (803) cpu_start: Pro cpu start user code
I (803) cpu_start: cpu freq: 240000000 Hz
I (803) app_init: Application information:
I (803) app_init: Project name:     object_detect
I (807) app_init: App version:      1681a1c-dirty
I (812) app_init: Compile time:     Mar  7 2026 17:23:02
I (817) app_init: ELF file SHA256:  2849cd1c6...
I (821) app_init: ESP-IDF:          v5.4.1
I (825) efuse_init: Min chip rev:     v0.0
I (829) efuse_init: Max chip rev:     v0.99 
I (833) efuse_init: Chip rev:         v0.2
I (837) heap_init: Initializing. RAM available for dynamic allocation:
I (843) heap_init: At 3FCA3188 len 00046588 (281 KiB): RAM
I (848) heap_init: At 3FCE9710 len 00005724 (21 KiB): RAM
I (853) esp_psram: Adding pool of 6336K of PSRAM memory to heap allocator
I (860) spi_flash: detected chip: gd
I (863) spi_flash: flash io: qio
I (866) sleep_gpio: Configure to isolate all GPIO pins in sleep state
I (872) sleep_gpio: Enable automatic switching of GPIO sleep configuration
I (879) main_task: Started on CPU0
I (882) esp_psram: Reserving pool of 32K of internal memory for DMA/internal allocations
I (890) main_task: Calling app_main()
I (893) gpio: GPIO[3]| InputEn: 0| OutputEn: 1| OpenDrain: 1| Pullup: 0| Pulldown: 0| Intr:0 
I (902) s3 ll_cam: DMA Channel=0
I (904) cam_hal: cam init ok
E (919) camera: Detected camera not supported.
E (919) camera: Camera probe failed with error 0x106(ESP_ERR_NOT_SUPPORTED)
ESP_ERROR_CHECK failed: esp_err_t 0x106 (ESP_ERR_NOT_SUPPORTED) at 0x4200ce11
file: "/home/kage/.openclaw/workspace/esp-who/components/who_peripherals/who_cam/who_s3_cam/who_s3_cam.cpp" line 26
func: who::cam::WhoS3Cam::WhoS3Cam(pixformat_t, framesize_t, uint8_t, bool, bool)
expression: esp_camera_init(&camera_config)

abort() was called at PC 0x40382193 on core 0


Backtrace: 0x4037a069:0x3fca6a20 0x4038219d:0x3fca6a40 0x40389dd2:0x3fca6a60 0x40382193:0x3fca6ad0 0x4200ce11:0x3fca6b00 0x4200af3c:0x3fca6ba0 0x4200aaef:0x3fca6bd0 0x4200ac07:0x3fca6c00 0x4213398f:0x3fca6c20




ELF file SHA256: 2849cd1c6

Rebooting...
ESP-ROM:esp32s3-20210327
Build:Mar 27 2021
rst:0xc (RTC_SW_CPU_RST),boot:0x8 (SPI_FAST_FLASH_BOOT)
Saved PC:0x40379fcc
SPIWP:0xee
mode:DIO, clock div:1
load:0x3fce2820,len:0x170c
load:0x403c8700,len:0x4
load:0x403c8704,len:0xec4
load:0x403cb700,len:0x318c
entry 0x403c8950
I (26) boot: ESP-IDF v5.4.1 2nd stage bootloader
I (26) boot: compile time Mar  7 2026 17:25:07
I (26) boot: Multicore bootloader
I (27) boot: chip revision: v0.2
I (29) boot: efuse block revision: v1.3
I (33) qio_mode: Enabling default flash chip QIO
I (37) boot.esp32s3: Boot SPI Speed : 80MHz
I (41) boot.esp32s3: SPI Mode       : QIO
I (45) boot.esp32s3: SPI Flash Size : 8MB
I (48) boot: Enabling RNG early entropy source...
I (53) boot: Partition Table:
I (56) boot: ## Label            Usage          Type ST Offset   Length
I (62) boot:  0 nvs              WiFi data        01 02 00009000 00006000
I (68) boot:  1 phy_init         RF data          01 01 0000f000 00001000
I (75) boot:  2 factory          factory app      00 00 00010000 007d0000
I (81) boot: End of partition table
I (85) esp_image: segment 0: paddr=00010020 vaddr=3c140020 size=86d00h (552192) map
I (174) esp_image: segment 1: paddr=00096d28 vaddr=3fc9c000 size=05970h ( 22896) load
I (179) esp_image: segment 2: paddr=0009c6a0 vaddr=40378000 size=03978h ( 14712) load
I (183) esp_image: segment 3: paddr=000a0020 vaddr=42000020 size=13453ch (1262908) map
I (373) esp_image: segment 4: paddr=001d4564 vaddr=4037b978 size=10620h ( 67104) load
I (387) esp_image: segment 5: paddr=001e4b8c vaddr=600fe100 size=0001ch (    28) load
I (395) boot: Loaded app from partition at offset 0x10000
I (395) boot: Disabling RNG early entropy source...
I (405) octal_psram: vendor id    : 0x0d (AP)
I (405) octal_psram: dev id       : 0x02 (generation 3)
I (406) octal_psram: density      : 0x03 (64 Mbit)
I (408) octal_psram: good-die     : 0x01 (Pass)
I (412) octal_psram: Latency      : 0x01 (Fixed)
I (416) octal_psram: VCC          : 0x01 (3V)
I (420) octal_psram: SRF          : 0x01 (Fast Refresh)
I (425) octal_psram: BurstType    : 0x01 (Hybrid Wrap)
I (430) octal_psram: BurstLen     : 0x01 (32 Byte)
I (435) octal_psram: Readlatency  : 0x02 (10 cycles@Fixed)
I (440) octal_psram: DriveStrength: 0x00 (1/1)
I (445) MSPI Timing: PSRAM timing tuning index: 4
I (448) esp_psram: Found 8MB PSRAM device
I (452) esp_psram: Speed: 80MHz
I (489) mmu_psram: Read only data copied and mapped to SPIRAM
I (576) mmu_psram: Instructions copied and mapped to SPIRAM
I (576) cpu_start: Multicore app
I (794) esp_psram: SPI SRAM memory test OK
I (803) cpu_start: Pro cpu start user code
I (803) cpu_start: cpu freq: 240000000 Hz
I (803) app_init: Application information:
I (803) app_init: Project name:     object_detect
I (807) app_init: App version:      1681a1c-dirty
I (812) app_init: Compile time:     Mar  7 2026 17:23:02
I (817) app_init: ELF file SHA256:  2849cd1c6...
I (821) app_init: ESP-IDF:          v5.4.1
I (825) efuse_init: Min chip rev:     v0.0
I (829) efuse_init: Max chip rev:     v0.99 
I (833) efuse_init: Chip rev:         v0.2
I (837) heap_init: Initializing. RAM available for dynamic allocation:
I (843) heap_init: At 3FCA3188 len 00046588 (281 KiB): RAM
I (848) heap_init: At 3FCE9710 len 00005724 (21 KiB): RAM
I (853) esp_psram: Adding pool of 6336K of PSRAM memory to heap allocator
I (860) spi_flash: detected chip: gd
I (863) spi_flash: flash io: qio
I (866) sleep_gpio: Configure to isolate all GPIO pins in sleep state
I (872) sleep_gpio: Enable automatic switching of GPIO sleep configuration
I (879) main_task: Started on CPU0
I (882) esp_psram: Reserving pool of 32K of internal memory for DMA/internal allocations
I (890) main_task: Calling app_main()
I (893) gpio: GPIO[3]| InputEn: 0| OutputEn: 1| OpenDrain: 1| Pullup: 0| Pulldown: 0| Intr:0 
I (902) s3 ll_cam: DMA Channel=0
I (904) cam_hal: cam init ok
E (919) camera: Detected camera not supported.
E (919) camera: Camera probe failed with error 0x106(ESP_ERR_NOT_SUPPORTED)
ESP_ERROR_CHECK failed: esp_err_t 0x106 (ESP_ERR_NOT_SUPPORTED) at 0x4200ce11
file: "/home/kage/.openclaw/workspace/esp-who/components/who_peripherals/who_cam/who_s3_cam/who_s3_cam.cpp" line 26
func: who::cam::WhoS3Cam::WhoS3Cam(pixformat_t, framesize_t, uint8_t, bool, bool)
expression: esp_camera_init(&camera_config)

abort() was called at PC 0x40382193 on core 0


Backtrace: 0x4037a069:0x3fca6a20 0x4038219d:0x3fca6a40 0x40389dd2:0x3fca6a60 0x40382193:0x3fca6ad0 0x4200ce11:0x3fca6b00 0x4200af3c:0x3fca6ba0 0x4200aaef:0x3fca6bd0 0x4200ac07:0x3fca6c00 0x4213398f:0x3fca6c20




ELF file SHA256: 2849cd1c6

Rebooting...
ESP-ROM:esp32s3-20210327
Build:Mar 27 2021
rst:0xc (RTC_SW_CPU_RST),boot:0x8 (SPI_FAST_FLASH_BOOT)
Saved PC:0x40379fcc
SPIWP:0xee
mode:DIO, clock div:1
load:0x3fce2820,len:0x170c
load:0x403c8700,len:0x4
load:0x403c8704,len:0xec4
load:0x403cb700,len:0x318c
entry 0x403c8950
I (26) boot: ESP-IDF v5.4.1 2nd stage bootloader
I (26) boot: compile time Mar  7 2026 17:25:07
I (26) boot: Multicore bootloader
I (27) boot: chip revision: v0.2
I (29) boot: efuse block revision: v1.3
I (33) qio_mode: Enabling default flash chip QIO
I (37) boot.esp32s3: Boot SPI Speed : 80MHz
I (41) boot.esp32s3: SPI Mode       : QIO
I (45) boot.esp32s3: SPI Flash Size : 8MB
I (48) boot: Enabling RNG early entropy source...
I (53) boot: Partition Table:
I (56) boot: ## Label            Usage          Type ST Offset   Length
I (62) boot:  0 nvs              WiFi data        01 02 00009000 00006000
I (68) boot:  1 phy_init         RF data          01 01 0000f000 00001000
I (75) boot:  2 factory          factory app      00 00 00010000 007d0000
I (81) boot: End of partition table
I (85) esp_image: segment 0: paddr=00010020 vaddr=3c140020 size=86d00h (552192) map
I (174) esp_image: segment 1: paddr=00096d28 vaddr=3fc9c000 size=05970h ( 22896) load
I (179) esp_image: segment 2: paddr=0009c6a0 vaddr=40378000 size=03978h ( 14712) load
I (183) esp_image: segment 3: paddr=000a0020 vaddr=42000020 size=13453ch (1262908) map
I (373) esp_image: segment 4: paddr=001d4564 vaddr=4037b978 size=10620h ( 67104) load
I (387) esp_image: segment 5: paddr=001e4b8c vaddr=600fe100 size=0001ch (    28) load
I (395) boot: Loaded app from partition at offset 0x10000
I (395) boot: Disabling RNG early entropy source...
I (405) octal_psram: vendor id    : 0x0d (AP)
I (405) octal_psram: dev id       : 0x02 (generation 3)
I (406) octal_psram: density      : 0x03 (64 Mbit)
I (408) octal_psram: good-die     : 0x01 (Pass)
I (412) octal_psram: Latency      : 0x01 (Fixed)
I (416) octal_psram: VCC          : 0x01 (3V)
I (420) octal_psram: SRF          : 0x01 (Fast Refresh)
I (425) octal_psram: BurstType    : 0x01 (Hybrid Wrap)
I (430) octal_psram: BurstLen     : 0x01 (32 Byte)
I (435) octal_psram: Readlatency  : 0x02 (10 cycles@Fixed)
I (440) octal_psram: DriveStrength: 0x00 (1/1)
I (445) MSPI Timing: PSRAM timing tuning index: 4
I (448) esp_psram: Found 8MB PSRAM device
I (452) esp_psram: Speed: 80MHz
I (489) mmu_psram: Read only data copied and mapped to SPIRAM
I (576) mmu_psram: Instructions copied and mapped to SPIRAM
I (576) cpu_start: Multicore app
I (794) esp_psram: SPI SRAM memory test OK
I (803) cpu_start: Pro cpu start user code
I (803) cpu_start: cpu freq: 240000000 Hz
I (803) app_init: Application information:
I (803) app_init: Project name:     object_detect
I (807) app_init: App version:      1681a1c-dirty
I (812) app_init: Compile time:     Mar  7 2026 17:23:02
I (817) app_init: ELF file SHA256:  2849cd1c6...
I (821) app_init: ESP-IDF:          v5.4.1
I (825) efuse_init: Min chip rev:     v0.0
I (829) efuse_init: Max chip rev:     v0.99 
I (833) efuse_init: Chip rev:         v0.2
I (837) heap_init: Initializing. RAM available for dynamic allocation:
I (843) heap_init: At 3FCA3188 len 00046588 (281 KiB): RAM
I (848) heap_init: At 3FCE9710 len 00005724 (21 KiB): RAM
I (853) esp_psram: Adding pool of 6336K of PSRAM memory to heap allocator
I (860) spi_flash: detected chip: gd
I (863) spi_flash: flash io: qio
I (866) sleep_gpio: Configure to isolate all GPIO pins in sleep state
I (872) sleep_gpio: Enable automatic switching of GPIO sleep configuration
I (879) main_task: Started on CPU0
I (882) esp_psram: Reserving pool of 32K of internal memory for DMA/internal allocations
I (890) main_task: Calling app_main()
I (893) gpio: GPIO[3]| InputEn: 0| OutputEn: 1| OpenDrain: 1| Pullup: 0| Pulldown: 0| Intr:0 
I (902) s3 ll_cam: DMA Channel=0
I (904) cam_hal: cam init ok
E (919) camera: Detected camera not supported.
E (919) camera: Camera probe failed with error 0x106(ESP_ERR_NOT_SUPPORTED)
ESP_ERROR_CHECK failed: esp_err_t 0x106 (ESP_ERR_NOT_SUPPORTED) at 0x4200ce11
file: "/home/kage/.openclaw/workspace/esp-who/components/who_peripherals/who_cam/who_s3_cam/who_s3_cam.cpp" line 26
func: who::cam::WhoS3Cam::WhoS3Cam(pixformat_t, framesize_t, uint8_t, bool, bool)
expression: esp_camera_init(&camera_config)

abort() was called at PC 0x40382193 on core 0


Backtrace: 0x4037a069:0x3fca6a20 0x4038219d:0x3fca6a40 0x40389dd2:0x3fca6a60 0x40382193:0x3fca6ad0 0x4200ce11:0x3fca6b00 0x4200af3c:0x3fca6ba0 0x4200aaef:0x3fca6bd0 0x4200ac07:0x3fca6c00 0x4213398f:0x3fca6c20




ELF file SHA256: 2849cd1c6

Rebooting...
ESP-ROM:esp32s3-20210327
Build:Mar 27 2021
rst:0xc (RTC_SW_CPU_RST),boot:0x8 (SPI_FAST_FLASH_BOOT)
Saved PC:0x40379fcc
SPIWP:0xee
mode:DIO, clock div:1
load:0x3fce2820,len:0x170c
load:0x403c8700,len:0x4
load:0x403c8704,len:0xec4
load:0x403cb700,len:0x318c
entry 0x403c8950
I (26) boot: ESP-IDF v5.4.1 2nd stage bootloader
I (26) boot: compile time Mar  7 2026 17:25:07
I (26) boot: Multicore bootloader
I (27) boot: chip revision: v0.2
I (29) boot: efuse block revision: v1.3
I (33) qio_mode: Enabling default flash chip QIO
I (37) boot.esp32s3: Boot SPI Speed : 80MHz
I (41) boot.esp32s3: SPI Mode       : QIO
I (45) boot.esp32s3: SPI Flash Size : 8MB
I (48) boot: Enabling RNG early entropy source...
I (53) boot: Partition Table:
I (56) boot: ## Label            Usage          Type ST Offset   Length
I (62) boot:  0 nvs              WiFi data        01 02 00009000 00006000
I (68) boot:  1 phy_init         RF data          01 01 0000f000 00001000
I (75) boot:  2 factory          factory app      00 00 00010000 007d0000
I (81) boot: End of partition table
I (85) esp_image: segment 0: paddr=00010020 vaddr=3c140020 size=86d00h (552192) map
I (174) esp_image: segment 1: paddr=00096d28 vaddr=3fc9c000 size=05970h ( 22896) load
I (179) esp_image: segment 2: paddr=0009c6a0 vaddr=40378000 size=03978h ( 14712) load
I (183) esp_image: segment 3: paddr=000a0020 vaddr=42000020 size=13453ch (1262908) map
I (373) esp_image: segment 4: paddr=001d4564 vaddr=4037b978 size=10620h ( 67104) load
I (387) esp_image: segment 5: paddr=001e4b8c vaddr=600fe100 size=0001ch (    28) load
I (395) boot: Loaded app from partition at offset 0x10000
I (395) boot: Disabling RNG early entropy source...
I (405) octal_psram: vendor id    : 0x0d (AP)
I (405) octal_psram: dev id       : 0x02 (generation 3)
I (406) octal_psram: density      : 0x03 (64 Mbit)
I (408) octal_psram: good-die     : 0x01 (Pass)
I (412) octal_psram: Latency      : 0x01 (Fixed)
I (416) octal_psram: VCC          : 0x01 (3V)
I (420) octal_psram: SRF          : 0x01 (Fast Refresh)
I (425) octal_psram: BurstType    : 0x01 (Hybrid Wrap)
I (430) octal_psram: BurstLen     : 0x01 (32 Byte)
I (435) octal_psram: Readlatency  : 0x02 (10 cycles@Fixed)
I (440) octal_psram: DriveStrength: 0x00 (1/1)
I (445) MSPI Timing: PSRAM timing tuning index: 4
I (448) esp_psram: Found 8MB PSRAM device
I (452) esp_psram: Speed: 80MHz
I (489) mmu_psram: Read only data copied and mapped to SPIRAM
I (576) mmu_psram: Instructions copied and mapped to SPIRAM
I (576) cpu_start: Multicore app
I (794) esp_psram: SPI SRAM memory test OK
I (803) cpu_start: Pro cpu start user code
I (803) cpu_start: cpu freq: 240000000 Hz
I (803) app_init: Application information:
I (803) app_init: Project name:     object_detect
I (807) app_init: App version:      1681a1c-dirty
I (812) app_init: Compile time:     Mar  7 2026 17:23:02
I (817) app_init: ELF file SHA256:  2849cd1c6...
I (821) app_init: ESP-IDF:          v5.4.1
I (825) efuse_init: Min chip rev:     v0.0
I (829) efuse_init: Max chip rev:     v0.99 
I (833) efuse_init: Chip rev:         v0.2
I (837) heap_init: Initializing. RAM available for dynamic allocation:
I (843) heap_init: At 3FCA3188 len 00046588 (281 KiB): RAM
I (848) heap_init: At 3FCE9710 len 00005724 (21 KiB): RAM
I (853) esp_psram: Adding pool of 6336K of PSRAM memory to heap allocator
I (860) spi_flash: detected chip: gd
I (863) spi_flash: flash io: qio
I (866) sleep_gpio: Configure to isolate all GPIO pins in sleep state
I (872) sleep_gpio: Enable automatic switching of GPIO sleep configuration
I (879) main_task: Started on CPU0
I (882) esp_psram: Reserving pool of 32K of internal memory for DMA/internal allocations
I (890) main_task: Calling app_main()
I (893) gpio: GPIO[3]| InputEn: 0| OutputEn: 1| OpenDrain: 1| Pullup: 0| Pulldown: 0| Intr:0 
I (902) s3 ll_cam: DMA Channel=0
I (904) cam_hal: cam init ok
E (919) camera: Detected camera not supported.
E (919) camera: Camera probe failed with error 0x106(ESP_ERR_NOT_SUPPORTED)
ESP_ERROR_CHECK failed: esp_err_t 0x106 (ESP_ERR_NOT_SUPPORTED) at 0x4200ce11
file: "/home/kage/.openclaw/workspace/esp-who/components/who_peripherals/who_cam/who_s3_cam/who_s3_cam.cpp" line 26
func: who::cam::WhoS3Cam::WhoS3Cam(pixformat_t, framesize_t, uint8_t, bool, bool)
expression: esp_camera_init(&camera_config)

abort() was called at PC 0x40382193 on core 0


Backtrace: 0x4037a069:0x3fca6a20 0x4038219d:0x3fca6a40 0x40389dd2:0x3fca6a60 0x40382193:0x3fca6ad0 0x4200ce11:0x3fca6b00 0x4200af3c:0x3fca6ba0 0x4200aaef:0x3fca6bd0 0x4200ac07:0x3fca6c00 0x4213398f:0x3fca6c20




ELF file SHA256: 2849cd1c6

Rebooting...
ESP-ROM:esp32s3-20210327
Build:Mar 27 2021
rst:0xc (RTC_SW_CPU_RST),boot:0x8 (SPI_FAST_FLASH_BOOT)
Saved PC:0x40379fcc
SPIWP:0xee
mode:DIO, clock div:1
load:0x3fce2820,len:0x170c
load:0x403c8700,len:0x4
load:0x403c8704,len:0xec4
load:0x403cb700,len:0x318c
entry 0x403c8950
I (26) boot: ESP-IDF v5.4.1 2nd stage bootloader
I (26) boot: compile time Mar  7 2026 17:25:07
I (26) boot: Multicore bootloader
I (27) boot: chip revision: v0.2
I (29) boot: efuse block revision: v1.3
I (33) qio_mode: Enabling default flash chip QIO
I (37) boot.esp32s3: Boot SPI Speed : 80MHz
I (41) boot.esp32s3: SPI Mode       : QIO
I (45) boot.esp32s3: SPI Flash Size : 8MB
I (48) boot: Enabling RNG early entropy source...
I (53) boot: Partition Table:
I (56) boot: ## Label            Usage          Type ST Offset   Length
I (62) boot:  0 nvs              WiFi data        01 02 00009000 00006000
I (68) boot:  1 phy_init         RF data          01 01 0000f000 00001000
I (75) boot:  2 factory          factory app      00 00 00010000 007d0000
I (81) boot: End of partition table
I (85) esp_image: segment 0: paddr=00010020 vaddr=3c140020 size=86d00h (552192) map
I (174) esp_image: segment 1: paddr=00096d28 vaddr=3fc9c000 size=05970h ( 22896) load
I (179) esp_image: segment 2: paddr=0009c6a0 vaddr=40378000 size=03978h ( 14712) load
I (183) esp_image: segment 3: paddr=000a0020 vaddr=42000020 size=13453ch (1262908) map
I (373) esp_image: segment 4: paddr=001d4564 vaddr=4037b978 size=10620h ( 67104) load
I (387) esp_image: segment 5: paddr=001e4b8c vaddr=600fe100 size=0001ch (    28) load
I (395) boot: Loaded app from partition at offset 0x10000
I (395) boot: Disabling RNG early entropy source...
I (405) octal_psram: vendor id    : 0x0d (AP)
I (405) octal_psram: dev id       : 0x02 (generation 3)
I (406) octal_psram: density      : 0x03 (64 Mbit)
I (408) octal_psram: good-die     : 0x01 (Pass)
I (412) octal_psram: Latency      : 0x01 (Fixed)
I (416) octal_psram: VCC          : 0x01 (3V)
I (420) octal_psram: SRF          : 0x01 (Fast Refresh)
I (425) octal_psram: BurstType    : 0x01 (Hybrid Wrap)
I (430) octal_psram: BurstLen     : 0x01 (32 Byte)
I (435) octal_psram: Readlatency  : 0x02 (10 cycles@Fixed)
I (440) octal_psram: DriveStrength: 0x00 (1/1)
I (445) MSPI Timing: PSRAM timing tuning index: 4
I (448) esp_psram: Found 8MB PSRAM device
I (452) esp_psram: Speed: 80MHz
I (489) mmu_psram: Read only data copied and mapped to SPIRAM
I (576) mmu_psram: Instructions copied and mapped to SPIRAM
I (576) cpu_start: Multicore app
