I (173) esp_image: segment 1: paddr=00093e50 vaddr=3fc99e00 sizeESP-ROM:esp32s3-20210327
Build:Mar 27 2021
rst:0x15 (USB_UART_CHIP_RESET),boot:0x8 (SPI_FAST_FLASH_BOOT)
Saved PC:0x4037e1ca
SPIWP:0xee
mode:DIO, clock div:1
load:0x3fce2820,len:0x170c
load:0x403c8700,len:0x4
load:0x403c8704,len:0xec4
load:0x403cb700,len:0x318c
entry 0x403c8950
I (26) boot: ESP-IDF v5.4.1 2nd stage bootloader
I (27) boot: compile time Mar  7 2026 17:25:07
I (27) boot: Multicore bootloader
I (28) boot: chip revision: v0.2
I (30) boot: efuse block revision: v1.3
I (33) qio_mode: Enabling default flash chip QIO
I (38) boot.esp32s3: Boot SPI Speed : 80MHz
I (41) boot.esp32s3: SPI Mode       : QIO
I (45) boot.esp32s3: SPI Flash Size : 8MB
I (49) boot: Enabling RNG early entropy source...
I (53) boot: Partition Table:
I (56) boot: ## Label            Usage          Type ST Offset   Length
I (62) boot:  0 nvs              WiFi data        01 02 00009000 00006000
I (69) boot:  1 phy_init         RF data          01 01 0000f000 00001000
I (75) boot:  2 factory          factory app      00 00 00010000 007d0000
I (82) boot: End of partition table
I (85) esp_image: segment 0: paddr=00010020 vaddr=3c130020 size=83e28h (540200) map
I (173) esp_image: segment 1: paddr=00093e50 vaddr=3fc99e00 size=05834h ( 22580) load
I (178) esp_image: segment 2: paddr=0009968c vaddr=40378000 size=0698ch ( 27020) load
I (184) esp_image: segment 3: paddr=000a0020 vaddr=42000020 size=12e1f8h (1237496) map
I (368) esp_image: segment 4: paddr=001ce220 vaddr=4037e98c size=0b448h ( 46152) load
I (378) esp_image: segment 5: paddr=001d9670 vaddr=600fe100 size=0001ch (    28) load
I (385) boot: Loaded app from partition at offset 0x10000
I (385) boot: Disabling RNG early entropy source...
I (395) octal_psram: vendor id    : 0x0d (AP)
I (396) octal_psram: dev id       : 0x02 (generation 3)
I (396) octal_psram: density      : 0x03 (64 Mbit)
I (398) octal_psram: good-die     : 0x01 (Pass)
I (402) octal_psram: Latency      : 0x01 (Fixed)
I (406) octal_psram: VCC          : 0x01 (3V)
I (410) octal_psram: SRF          : 0x01 (Fast Refresh)
I (415) octal_psram: BurstType    : 0x01 (Hybrid Wrap)
I (420) octal_psram: BurstLen     : 0x01 (32 Byte)
I (425) octal_psram: Readlatency  : 0x02 (10 cycles@Fixed)
I (430) octal_psram: DriveStrength: 0x00 (1/1)
I (435) MSPI Timing: PSRAM timing tuning index: 4
I (439) esp_psram: Found 8MB PSRAM device
I (442) esp_psram: Speed: 80MHz
I (479) mmu_psram: Read only data copied and mapped to SPIRAM
I (561) mmu_psram: Instructions copied and mapped to SPIRAM
I (562) cpu_start: Multicore app
I (782) esp_psram: SPI SRAM memory test OK
I (791) cpu_start: Pro cpu start user code
I (791) cpu_start: cpu freq: 240000000 Hz
I (792) app_init: Application information:
I (792) app_init: Project name:     object_detect
I (795) app_init: App version:      2307733-dirty
I (800) app_init: Compile time:     Mar  7 2026 19:49:21
I (805) app_init: ELF file SHA256:  00e26e96f...
I (809) app_init: ESP-IDF:          v5.4.1
I (813) efuse_init: Min chip rev:     v0.0
I (817) efuse_init: Max chip rev:     v0.99 
I (821) efuse_init: Chip rev:         v0.2
I (825) heap_init: Initializing. RAM available for dynamic allocation:
I (831) heap_init: At 3FCA0E18 len 000488F8 (290 KiB): RAM
I (836) heap_init: At 3FCE9710 len 00005724 (21 KiB): RAM
I (841) esp_psram: Adding pool of 6400K of PSRAM memory to heap allocator
I (848) spi_flash: detected chip: gd
I (851) spi_flash: flash io: qio
I (854) sleep_gpio: Configure to isolate all GPIO pins in sleep state
I (860) sleep_gpio: Enable automatic switching of GPIO sleep configuration
I (867) main_task: Started on CPU0
I (870) esp_psram: Reserving pool of 32K of internal memory for DMA/internal allocations
I (878) main_task: Calling app_main()
I (881) gpio: GPIO[3]| InputEn: 0| OutputEn: 1| OpenDrain: 1| Pullup: 0| Pulldown: 0| Intr:0 
I (890) s3 ll_cam: DMA Channel=0
I (892) cam_hal: cam init ok
I (895) sccb-ng: pin_sda 40 pin_scl 39
I (898) sccb-ng: sccb_i2c_port=1
I (912) camera: Camera PID=0x3660 VER=0x00 MIDL=0x00 MIDH=0x00
I (912) camera: Detected OV3660 camera
I (913) camera: Detected camera at address=0x3c
I (1220) cam_hal: PSRAM DMA mode enabled
I (1220) s3 ll_cam: node_size: 3840, nodes_per_line: 1, lines_per_node: 8
I (1220) s3 ll_cam: dma_half_buffer_min:  3840, dma_half_buffer: 11520, lines_per_half_buffer: 24, dma_buffer_size: 115200
I (1230) cam_hal: buffer_size: 115200, half_buffer_size: 11520, node_buffer_size: 3840, node_cnt: 30, total_cnt: 11
I (1240) cam_hal: Allocating 126736 Byte frame buffer in PSRAM
I (1245) cam_hal: Frame[0]: Offset: 16, Addr: 0x3C1C0F60
I (1250) cam_hal: Allocating 126736 Byte frame buffer in PSRAM
I (1256) cam_hal: Frame[1]: Offset: 16, Addr: 0x3C1DFE90
I (1261) cam_hal: Allocating 126736 Byte frame buffer in PSRAM
I (1266) cam_hal: Frame[2]: Offset: 16, Addr: 0x3C1FEDC0
I (1271) cam_hal: Allocating 126736 Byte frame buffer in PSRAM
I (1277) cam_hal: Frame[3]: Offset: 16, Addr: 0x3C21DCF0
I (1282) cam_hal: Allocating 126736 Byte frame buffer in PSRAM
I (1287) cam_hal: Frame[4]: Offset: 16, Addr: 0x3C23CC20
I (1293) cam_hal: cam config ok
I (1307) ov3660: Calculated VCO: 160000000 Hz, PLLCLK: 160000000 Hz, SYSCLK: 40000000 Hz, PCLK: 10000000 Hz
I (1324) s3 ll_cam: DMA Channel=0
I (1324) cam_hal: cam init ok
I (1325) sccb-ng: pin_sda 40 pin_scl 39
I (1325) sccb-ng: sccb_i2c_port=1
I (1336) camera: Camera PID=0x3660 VER=0x00 MIDL=0x00 MIDH=0x00
I (1336) camera: Detected OV3660 camera
I (1337) camera: Detected camera at address=0x3c
I (1644) cam_hal: PSRAM DMA mode enabled
I (1644) s3 ll_cam: node_size: 3840, nodes_per_line: 1, lines_per_node: 8
I (1645) s3 ll_cam: dma_half_buffer_min:  3840, dma_half_buffer: 11520, lines_per_half_buffer: 24, dma_buffer_size: 115200
I (1654) cam_hal: buffer_size: 115200, half_buffer_size: 11520, node_buffer_size: 3840, node_cnt: 30, total_cnt: 11
I (1664) cam_hal: Allocating 126736 Byte frame buffer in PSRAM
I (1669) cam_hal: Frame[0]: Offset: 16, Addr: 0x3C1C0F60
I (1674) cam_hal: Allocating 126736 Byte frame buffer in PSRAM
I (1680) cam_hal: Frame[1]: Offset: 16, Addr: 0x3C1DFE90
I (1685) cam_hal: Allocating 126736 Byte frame buffer in PSRAM
I (1690) cam_hal: Frame[2]: Offset: 16, Addr: 0x3C1FEDC0
I (1695) cam_hal: Allocating 126736 Byte frame buffer in PSRAM
I (1701) cam_hal: Frame[3]: Offset: 16, Addr: 0x3C21DCF0
I (1706) cam_hal: Allocating 126736 Byte frame buffer in PSRAM
I (1711) cam_hal: Frame[4]: Offset: 16, Addr: 0x3C23CC20
I (1717) cam_hal: cam config ok
I (1731) ov3660: Calculated VCO: 160000000 Hz, PLLCLK: 160000000 Hz, SYSCLK: 40000000 Hz, PCLK: 10000000 Hz
W (1751) FbsLoader: There is only one model in the flatbuffers, ignore the input model name!
W (1752) FbsLoader: CONFIG_SPIRAM_RODATA or CONFIG_SPIRAM_XIP_FROM_PSRAM option is on, fbs model is copied to PSRAM.
W (1835) dl::Model: Minimize() will delete variables not used in model inference, which will make it impossible to test or debug the model.
I (1838) main_task: Returned from app_main()
1086,0,0.000,0
1206,0,0.000,0
1326,0,0.000,0
1446,0,0.000,0
1606,0,0.000,0
1726,0,0.000,0
1846,0,0.000,0
1966,0,0.000,0
2126,0,0.000,0
2247,0,0.000,0
2367,0,0.000,0
2487,0,0.000,0
2647,0,0.000,0
2767,0,0.000,0
2887,0,0.000,0
3007,0,0.000,0
3167,0,0.000,0
3287,0,0.000,0
3407,0,0.000,0
3527,0,0.000,0
3687,0,0.000,0
3807,0,0.000,0
3927,0,0.000,0
4047,0,0.000,0
4207,0,0.000,0
4327,0,0.000,0
4447,0,0.000,0
4567,0,0.000,0
4727,0,0.000,0
4847,0,0.000,0
5007,0,0.000,0
5127,0,0.000,0
5247,0,0.000,0
5367,0,0.000,0
5527,0,0.000,0
5647,0,0.000,0
5768,0,0.000,0
5888,0,0.000,0
6048,0,0.000,0
6168,0,0.000,0
6288,0,0.000,0
6408,0,0.000,0
6568,0,0.000,0
6688,0,0.000,0
6808,0,0.000,0
6928,0,0.000,0
7088,0,0.000,0
7208,0,0.000,0
7328,0,0.000,0
7448,0,0.000,0
7608,0,0.000,0
7728,0,0.000,0
7848,0,0.000,0
7968,0,0.000,0
8128,0,0.000,0
8248,0,0.000,0
8368,0,0.000,0
8488,0,0.000,0
8648,0,0.000,0
8768,0,0.000,0
8888,0,0.000,0
9088,0,0.000,0
9208,0,0.000,0
9329,0,0.000,0
9449,0,0.000,0
9609,0,0.000,0
9729,0,0.000,0
9849,0,0.000,0
9969,0,0.000,0
10129,0,0.000,0
10249,0,0.000,0
10369,0,0.000,0
10489,0,0.000,0
10649,0,0.000,0
10769,0,0.000,0
10889,0,0.000,0
11009,0,0.000,0
11169,0,0.000,0
11289,0,0.000,0
11409,0,0.000,0
11529,0,0.000,0
11689,0,0.000,0
11809,0,0.000,0
11929,0,0.000,0
12049,0,0.000,0
12209,0,0.000,0
12329,0,0.000,0
12449,0,0.000,0
12569,0,0.000,0
12729,0,0.000,0
12849,0,0.000,0
13010,0,0.000,0
13130,0,0.000,0
13250,0,0.000,0
13370,0,0.000,0
13530,0,0.000,0
13650,0,0.000,0
13770,0,0.000,0
13890,0,0.000,0
14050,0,0.000,0
14170,0,0.000,0
14290,0,0.000,0
14410,0,0.000,0
14570,0,0.000,0
14690,0,0.000,0
14810,0,0.000,0
14930,0,0.000,0
15090,0,0.000,0
15210,0,0.000,0
15330,0,0.000,0
15450,0,0.000,0
15610,0,0.000,0
15730,0,0.000,0
15850,0,0.000,0
15970,0,0.000,0
16130,0,0.000,0
16250,0,0.000,0
16370,0,0.000,0
16491,0,0.000,0
16651,0,0.000,0
16771,0,0.000,0
16891,0,0.000,0
17091,0,0.000,0
